// Jest Snapshot v1, https://goo.gl/fbAQLP

exports[`Pool: Edge cases gas cost addPair  1`] = `38351`;
