// Jest Snapshot v1, https://goo.gl/fbAQLP

exports[`Router: increase position ar createDecreaseOrder cast 1`] = `425580`;

exports[`Router: increase position ar createIncreaseOrderWithoutTpSl cast 1`] = `448238`;

exports[`Router: increase position ar executeDecreaseOrder cast 1`] = `367545`;

exports[`Router: increase position ar executeIncreaseOrder cast 1`] = `567394`;
