// Jest Snapshot v1, https://goo.gl/fbAQLP

exports[`Trade: ioc decrease limit order decrease position size exceed max config, reserve order 1`] = `341279`;
